$ /opt/homebrew/opt/openjdk/libexec/openjdk.jdk/Contents/Home/bin/java -Djava.awt.headless=true -cp /private/tmp/toaster-diagram-study/pilot/sysml/jupyter-sysml-kernel-0.62.0-all.jar /private/tmp/toaster-diagram-study/PilotRender.java /private/tmp/toaster-diagram-study/pilot/sysml/sysml.library decisions/diagram-study-real-fixtures/fixtures/ch07.sysml ToasterDemo::Cycle state decisions/diagram-study-real-fixtures/evidence/ch07-state-pilot.svg
exit_code=1 elapsed_seconds=3.023

--- stdout ---
Reading /private/tmp/toaster-diagram-study/pilot/sysml/sysml.library/Kernel Libraries/Kernel Semantic Library/Performances.kerml...
Reading /private/tmp/toaster-diagram-study/pilot/sysml/sysml.library/Kernel Libraries/Kernel Semantic Library/Transfers.kerml...
Reading /private/tmp/toaster-diagram-study/pilot/sysml/sysml.library/Kernel Libraries/Kernel Semantic Library/Base.kerml...
Reading /private/tmp/toaster-diagram-study/pilot/sysml/sysml.library/Kernel Libraries/Kernel Semantic Library/Observation.kerml...
Reading /private/tmp/toaster-diagram-study/pilot/sysml/sysml.library/Kernel Libraries/Kernel Semantic Library/Triggers.kerml...
Reading /private/tmp/toaster-diagram-study/pilot/sysml/sysml.library/Kernel Libraries/Kernel Semantic Library/Clocks.kerml...
Reading /private/tmp/toaster-diagram-study/pilot/sysml/sysml.library/Kernel Libraries/Kernel Semantic Library/SpatialFrames.kerml...
Reading /private/tmp/toaster-diagram-study/pilot/sysml/sysml.library/Kernel Libraries/Kernel Semantic Library/ControlPerformances.kerml...
Reading /private/tmp/toaster-diagram-study/pilot/sysml/sysml.library/Kernel Libraries/Kernel Semantic Library/KerML.kerml...
Reading /private/tmp/toaster-diagram-study/pilot/sysml/sysml.library/Kernel Libraries/Kernel Semantic Library/Objects.kerml...
Reading /private/tmp/toaster-diagram-study/pilot/sysml/sysml.library/Kernel Libraries/Kernel Semantic Library/FeatureReferencingPerformances.kerml...
Reading /private/tmp/toaster-diagram-study/pilot/sysml/sysml.library/Kernel Libraries/Kernel Semantic Library/Metaobjects.kerml...
Reading /private/tmp/toaster-diagram-study/pilot/sysml/sysml.library/Kernel Libraries/Kernel Semantic Library/StatePerformances.kerml...
Reading /private/tmp/toaster-diagram-study/pilot/sysml/sysml.library/Kernel Libraries/Kernel Semantic Library/TransitionPerformances.kerml...
Reading /private/tmp/toaster-diagram-study/pilot/sysml/sysml.library/Kernel Libraries/Kernel Semantic Library/Occurrences.kerml...
Reading /private/tmp/toaster-diagram-study/pilot/sysml/sysml.library/Kernel Libraries/Kernel Semantic Library/Links.kerml...
Reading /private/tmp/toaster-diagram-study/pilot/sysml/sysml.library/Kernel Libraries/Kernel Function Library/RationalFunctions.kerml...
Reading /private/tmp/toaster-diagram-study/pilot/sysml/sysml.library/Kernel Libraries/Kernel Function Library/ControlFunctions.kerml...
Reading /private/tmp/toaster-diagram-study/pilot/sysml/sysml.library/Kernel Libraries/Kernel Function Library/BooleanFunctions.kerml...
Reading /private/tmp/toaster-diagram-study/pilot/sysml/sysml.library/Kernel Libraries/Kernel Function Library/VectorFunctions.kerml...
Reading /private/tmp/toaster-diagram-study/pilot/sysml/sysml.library/Kernel Libraries/Kernel Function Library/RealFunctions.kerml...
Reading /private/tmp/toaster-diagram-study/pilot/sysml/sysml.library/Kernel Libraries/Kernel Function Library/CollectionFunctions.kerml...
Reading /private/tmp/toaster-diagram-study/pilot/sysml/sysml.library/Kernel Libraries/Kernel Function Library/ComplexFunctions.kerml...
Reading /private/tmp/toaster-diagram-study/pilot/sysml/sysml.library/Kernel Libraries/Kernel Function Library/NumericalFunctions.kerml...
Reading /private/tmp/toaster-diagram-study/pilot/sysml/sysml.library/Kernel Libraries/Kernel Function Library/TrigFunctions.kerml...
Reading /private/tmp/toaster-diagram-study/pilot/sysml/sysml.library/Kernel Libraries/Kernel Function Library/IntegerFunctions.kerml...
Reading /private/tmp/toaster-diagram-study/pilot/sysml/sysml.library/Kernel Libraries/Kernel Function Library/NaturalFunctions.kerml...
Reading /private/tmp/toaster-diagram-study/pilot/sysml/sysml.library/Kernel Libraries/Kernel Function Library/StringFunctions.kerml...
Reading /private/tmp/toaster-diagram-study/pilot/sysml/sysml.library/Kernel Libraries/Kernel Function Library/DataFunctions.kerml...
Reading /private/tmp/toaster-diagram-study/pilot/sysml/sysml.library/Kernel Libraries/Kernel Function Library/ScalarFunctions.kerml...
Reading /private/tmp/toaster-diagram-study/pilot/sysml/sysml.library/Kernel Libraries/Kernel Function Library/BaseFunctions.kerml...
Reading /private/tmp/toaster-diagram-study/pilot/sysml/sysml.library/Kernel Libraries/Kernel Function Library/SequenceFunctions.kerml...
Reading /private/tmp/toaster-diagram-study/pilot/sysml/sysml.library/Kernel Libraries/Kernel Function Library/OccurrenceFunctions.kerml...
Reading /private/tmp/toaster-diagram-study/pilot/sysml/sysml.library/Kernel Libraries/Kernel Data Type Library/ScalarValues.kerml...
Reading /private/tmp/toaster-diagram-study/pilot/sysml/sysml.library/Kernel Libraries/Kernel Data Type Library/VectorValues.kerml...
Reading /private/tmp/toaster-diagram-study/pilot/sysml/sysml.library/Kernel Libraries/Kernel Data Type Library/Collections.kerml...
Reading /private/tmp/toaster-diagram-study/pilot/sysml/sysml.library/Systems Library/Parts.sysml...
Reading /private/tmp/toaster-diagram-study/pilot/sysml/sysml.library/Systems Library/SysML.sysml...
Reading /private/tmp/toaster-diagram-study/pilot/sysml/sysml.library/Systems Library/VerificationCases.sysml...
Reading /private/tmp/toaster-diagram-study/pilot/sysml/sysml.library/Systems Library/AnalysisCases.sysml...
Reading /private/tmp/toaster-diagram-study/pilot/sysml/sysml.library/Systems Library/States.sysml...
Reading /private/tmp/toaster-diagram-study/pilot/sysml/sysml.library/Systems Library/Flows.sysml...
Reading /private/tmp/toaster-diagram-study/pilot/sysml/sysml.library/Systems Library/Views.sysml...
Reading /private/tmp/toaster-diagram-study/pilot/sysml/sysml.library/Systems Library/Requirements.sysml...
Reading /private/tmp/toaster-diagram-study/pilot/sysml/sysml.library/Systems Library/Interfaces.sysml...
Reading /private/tmp/toaster-diagram-study/pilot/sysml/sysml.library/Systems Library/Actions.sysml...
Reading /private/tmp/toaster-diagram-study/pilot/sysml/sysml.library/Systems Library/UseCases.sysml...
Reading /private/tmp/toaster-diagram-study/pilot/sysml/sysml.library/Systems Library/Items.sysml...
Reading /private/tmp/toaster-diagram-study/pilot/sysml/sysml.library/Systems Library/Metadata.sysml...
Reading /private/tmp/toaster-diagram-study/pilot/sysml/sysml.library/Systems Library/Allocations.sysml...
Reading /private/tmp/toaster-diagram-study/pilot/sysml/sysml.library/Systems Library/Calculations.sysml...
Reading /private/tmp/toaster-diagram-study/pilot/sysml/sysml.library/Systems Library/Constraints.sysml...
Reading /private/tmp/toaster-diagram-study/pilot/sysml/sysml.library/Systems Library/Attributes.sysml...
Reading /private/tmp/toaster-diagram-study/pilot/sysml/sysml.library/Systems Library/Ports.sysml...
Reading /private/tmp/toaster-diagram-study/pilot/sysml/sysml.library/Systems Library/StandardViewDefinitions.sysml...
Reading /private/tmp/toaster-diagram-study/pilot/sysml/sysml.library/Systems Library/Connections.sysml...
Reading /private/tmp/toaster-diagram-study/pilot/sysml/sysml.library/Systems Library/Cases.sysml...
Reading /private/tmp/toaster-diagram-study/pilot/sysml/sysml.library/Domain Libraries/Quantities and Units/SI.sysml...
Reading /private/tmp/toaster-diagram-study/pilot/sysml/sysml.library/Domain Libraries/Quantities and Units/ISQBase.sysml...
Reading /private/tmp/toaster-diagram-study/pilot/sysml/sysml.library/Domain Libraries/Quantities and Units/Quantities.sysml...
Reading /private/tmp/toaster-diagram-study/pilot/sysml/sysml.library/Domain Libraries/Quantities and Units/ISQLight.sysml...
Reading /private/tmp/toaster-diagram-study/pilot/sysml/sysml.library/Domain Libraries/Quantities and Units/ISQElectromagnetism.sysml...
Reading /private/tmp/toaster-diagram-study/pilot/sysml/sysml.library/Domain Libraries/Quantities and Units/ISQCondensedMatter.sysml...
Reading /private/tmp/toaster-diagram-study/pilot/sysml/sysml.library/Domain Libraries/Quantities and Units/MeasurementRefCalculations.sysml...
Reading /private/tmp/toaster-diagram-study/pilot/sysml/sysml.library/Domain Libraries/Quantities and Units/USCustomaryUnits.sysml...
Reading /private/tmp/toaster-diagram-study/pilot/sysml/sysml.library/Domain Libraries/Quantities and Units/ISQMechanics.sysml...
Reading /private/tmp/toaster-diagram-study/pilot/sysml/sysml.library/Domain Libraries/Quantities and Units/VectorCalculations.sysml...
Reading /private/tmp/toaster-diagram-study/pilot/sysml/sysml.library/Domain Libraries/Quantities and Units/SIPrefixes.sysml...
Reading /private/tmp/toaster-diagram-study/pilot/sysml/sysml.library/Domain Libraries/Quantities and Units/ISQSpaceTime.sysml...
Reading /private/tmp/toaster-diagram-study/pilot/sysml/sysml.library/Domain Libraries/Quantities and Units/ISQAcoustics.sysml...
Reading /private/tmp/toaster-diagram-study/pilot/sysml/sysml.library/Domain Libraries/Quantities and Units/ISQ.sysml...
Reading /private/tmp/toaster-diagram-study/pilot/sysml/sysml.library/Domain Libraries/Quantities and Units/MeasurementReferences.sysml...
Reading /private/tmp/toaster-diagram-study/pilot/sysml/sysml.library/Domain Libraries/Quantities and Units/TensorCalculations.sysml...
Reading /private/tmp/toaster-diagram-study/pilot/sysml/sysml.library/Domain Libraries/Quantities and Units/ISQCharacteristicNumbers.sysml...
Reading /private/tmp/toaster-diagram-study/pilot/sysml/sysml.library/Domain Libraries/Quantities and Units/ISQInformation.sysml...
Reading /private/tmp/toaster-diagram-study/pilot/sysml/sysml.library/Domain Libraries/Quantities and Units/Time.sysml...
Reading /private/tmp/toaster-diagram-study/pilot/sysml/sysml.library/Domain Libraries/Quantities and Units/ISQChemistryMolecular.sysml...
Reading /private/tmp/toaster-diagram-study/pilot/sysml/sysml.library/Domain Libraries/Quantities and Units/QuantityCalculations.sysml...
Reading /private/tmp/toaster-diagram-study/pilot/sysml/sysml.library/Domain Libraries/Quantities and Units/ISQAtomicNuclear.sysml...
Reading /private/tmp/toaster-diagram-study/pilot/sysml/sysml.library/Domain Libraries/Quantities and Units/ISQThermodynamics.sysml...
Reading /private/tmp/toaster-diagram-study/pilot/sysml/sysml.library/Domain Libraries/Analysis/AnalysisTooling.sysml...
Reading /private/tmp/toaster-diagram-study/pilot/sysml/sysml.library/Domain Libraries/Analysis/TradeStudies.sysml...
Reading /private/tmp/toaster-diagram-study/pilot/sysml/sysml.library/Domain Libraries/Analysis/SampledFunctions.sysml...
Reading /private/tmp/toaster-diagram-study/pilot/sysml/sysml.library/Domain Libraries/Analysis/StateSpaceRepresentation.sysml...
Reading /private/tmp/toaster-diagram-study/pilot/sysml/sysml.library/Domain Libraries/Cause and Effect/CauseAndEffect.sysml...
Reading /private/tmp/toaster-diagram-study/pilot/sysml/sysml.library/Domain Libraries/Cause and Effect/CausationConnections.sysml...
Reading /private/tmp/toaster-diagram-study/pilot/sysml/sysml.library/Domain Libraries/Geometry/SpatialItems.sysml...
Reading /private/tmp/toaster-diagram-study/pilot/sysml/sysml.library/Domain Libraries/Geometry/ShapeItems.sysml...
Reading /private/tmp/toaster-diagram-study/pilot/sysml/sysml.library/Domain Libraries/Metadata/RiskMetadata.sysml...
Reading /private/tmp/toaster-diagram-study/pilot/sysml/sysml.library/Domain Libraries/Metadata/ParametersOfInterestMetadata.sysml...
Reading /private/tmp/toaster-diagram-study/pilot/sysml/sysml.library/Domain Libraries/Metadata/ModelingMetadata.sysml...
Reading /private/tmp/toaster-diagram-study/pilot/sysml/sysml.library/Domain Libraries/Metadata/ImageMetadata.sysml...
Reading /private/tmp/toaster-diagram-study/pilot/sysml/sysml.library/Domain Libraries/Requirement Derivation/RequirementDerivation.sysml...
Reading /private/tmp/toaster-diagram-study/pilot/sysml/sysml.library/Domain Libraries/Requirement Derivation/DerivationConnections.sysml...
ERROR:Must be an accessible feature (use dot notation for nesting) (1.sysml line : 119 column : 40)
ERROR:Must be an accessible feature (use dot notation for nesting) (1.sysml line : 119 column : 65)
ERROR:Must be an accessible feature (use dot notation for nesting) (1.sysml line : 173 column : 43)
ERROR:Must be an accessible feature (use dot notation for nesting) (1.sysml line : 173 column : 70)
WARNING:Bound features should have conforming types (1.sysml line : 200 column : 9)


--- stderr ---
WARNING: A terminally deprecated method in sun.misc.Unsafe has been called
WARNING: sun.misc.Unsafe::staticFieldBase has been called by com.google.inject.internal.aop.HiddenClassDefiner (file:/private/tmp/toaster-diagram-study/pilot/sysml/jupyter-sysml-kernel-0.62.0-all.jar)
WARNING: Please consider reporting this to the maintainers of class com.google.inject.internal.aop.HiddenClassDefiner
WARNING: sun.misc.Unsafe::staticFieldBase will be removed in a future release
log4j:WARN No appenders could be found for logger (org.eclipse.xtext.parser.antlr.AbstractInternalAntlrParser).
log4j:WARN Please initialize the log4j system properly.
log4j:WARN See http://logging.apache.org/log4j/1.2/faq.html#noconfig for more info.
WARNING: Final field index in class org.omg.kerml.xtext.library.LibraryIndex has been mutated reflectively by class com.google.gson.internal.bind.ReflectiveTypeAdapterFactory$1 in unnamed module @2364305a (file:/private/tmp/toaster-diagram-study/pilot/sysml/jupyter-sysml-kernel-0.62.0-all.jar)
WARNING: Use --enable-final-field-mutation=ALL-UNNAMED to avoid a warning
WARNING: Mutating final fields will be blocked in a future release unless final field mutation is enabled
Exception in thread "main" java.lang.IllegalStateException: Model diagnostics
	at PilotRender.main(PilotRender.java:12)

