WARNING: A terminally deprecated method in sun.misc.Unsafe has been called
WARNING: sun.misc.Unsafe::staticFieldBase has been called by com.google.inject.internal.aop.HiddenClassDefiner (file:/private/tmp/toaster-diagram-study/pilot/sysml/jupyter-sysml-kernel-0.62.0-all.jar)
WARNING: Please consider reporting this to the maintainers of class com.google.inject.internal.aop.HiddenClassDefiner
WARNING: sun.misc.Unsafe::staticFieldBase will be removed in a future release
Usage: %viz [--view=<VIEW>] [--style=<STYLE>...] <NAME> [<NAME>...]

Visualize model elements of <NAME>(s). <NAME>s must be fully qualified.

<VIEW> is case insensitive and possible candidates are:
   DEFAULT		Automatically choose an appropriate view from the given model element names
   TREE			Show a tree-structural view, like a Block Definition Diagram (BDD)
   INTERCONNECTION	Show an interconnection view, like an Internal Block Diagram (IBD)
   STATE		Show state machines
   ACTION		Show actions like an activity diagram
   SEQUENCE		Show events and messages in a sequence diagram
   MIXED		Show multiple views

<STYLE> is also case insensitive. Multiple --style options are allowed.  The possible style names are:
  DEFAULT		Standard B&&W
  STDCOLOR		Standard style with colors
  PLANTUML		PlantUML Style
  TB			Top-to-Bottom orientation
  LR			Left-to-Right orientation
  POLYLINE		Polyline style
  ORTHOLINE		Orthogonal line style
  SHOWLIB		Show elements of the standard libraries
  SHOWINHERITED		Show inherited members
  COMPMOST		Show as many memberships in a compartment as possible
  COMPTREE		Show nested ports in a compartment
  SHOWIMPORTED		Show imported elements
  HIDEMETADATA		Hide metadata
  SHOWMETACLASS		Show metaclasses of metaobjects
  EVAL		Evaluate expressions
  NODEMULTIPLICITY		Show multiplicities in nodes
  EDGEMULTIPLICITY		Show multiplicities on edges
  IMPLICITMULTIPLICITY		Show implicit multiplicities

Example:
	%viz --view Tree --style LR --style ortholine Pkg1::PartDef Pkg1::Pkg2::partUsage
should visualize Pkg1::PartDef and Pkg1::Pkg2::partUsage with a tree view ordered in the left-to-right direction with orthogonal lines.

